
**** Build of configuration Debug for project listen_server_poolled ****

make all 
Building file: ../src/main.c
Invoking: MicroBlaze gcc compiler
mb-gcc -Wall -Os -g3 -c -fmessage-length=0 -I../../standalone_bsp/microblaze_0/include -mlittle-endian -mxl-barrel-shift -mxl-pattern-compare -mno-xl-soft-div -mcpu=v8.20.a -mno-xl-soft-mul -mxl-multiply-high -mhard-float -mxl-float-convert -mxl-float-sqrt -MMD -MP -MF"src/main.d" -MT"src/main.d" -o"src/main.o" "../src/main.c"
../src/main.c: In function 'gfw_send_flash_data_transfer_ack':
../src/main.c:410:4: warning: dereferencing type-punned pointer will break strict-aliasing rules [-Wstrict-aliasing]
Finished building: ../src/main.c
' '
Building target: listen_server_poolled.elf
Invoking: MicroBlaze gcc linker
mb-gcc -Wl,-T -Wl,../src/lscript.ld -L../../standalone_bsp/microblaze_0/lib -mlittle-endian -mxl-barrel-shift -mxl-pattern-compare -mno-xl-soft-div -mcpu=v8.20.a -mno-xl-soft-mul -mxl-multiply-high -mhard-float -mxl-float-convert -mxl-float-sqrt -o"listen_server_poolled.elf"  ./src/main.o   -Wl,--start-group,-lxil,-lgcc,-lc,--end-group -lxilisf
Finished building target: listen_server_poolled.elf
' '
Invoking: MicroBlaze Print Size
mb-size listen_server_poolled.elf  |tee "listen_server_poolled.elf.size"
   text	   data	    bss	    dec	    hex	filename
  54728	   1552	 170352	 226632	  37548	listen_server_poolled.elf
Finished building: listen_server_poolled.elf.size
' '
Invoking: Xilinx ELF Check
elfcheck listen_server_poolled.elf -hw ../../hw_platform/system.xml -pe microblaze_0  |tee "listen_server_poolled.elf.elfcheck"
elfcheck
Xilinx EDK 14.2 Build EDK_P.28xd
Copyright (c) 1995-2012 Xilinx, Inc.  All rights reserved.

Command Line: elfcheck -hw ../../hw_platform/system.xml -pe microblaze_0
listen_server_poolled.elf 

ELF file	: listen_server_poolled.elf
elfcheck passed.
Finished building: listen_server_poolled.elf.elfcheck
' '
